

================================================================
== Vitis HLS Report for 'myproject'
================================================================
* Date:           Wed Sep 30 18:56:42 2026

* Version:        2026.1 (Build 6493734 on Jun 16 2026)
* Project:        myproject_prj
* Solution:       solution1
* Product family: zynquplus
* Target device:  xczu3eg-sbva484-1-e


================================================================
== Performance Estimates
================================================================
+ Timing: 
    * Summary: 
    +--------+----------+----------+------------+
    |  Clock |  Target  | Estimated| Uncertainty|
    +--------+----------+----------+------------+
    |ap_clk  |  10.00 ns|  7.293 ns|     2.70 ns|
    +--------+----------+----------+------------+

+ Latency: 
    * Summary: 
    +---------+---------+----------+----------+-----+-----+----------+
    |  Latency (cycles) |  Latency (absolute) |  Interval | Pipeline |
    |   min   |   max   |    min   |    max   | min | max |   Type   |
    +---------+---------+----------+----------+-----+-----+----------+
    |      102|      104|  1.020 us|  1.040 us|   64|   64|  dataflow|
    +---------+---------+----------+----------+-----+-----+----------+

    + Detail: 
        * Instance: 
        +----------------------------------------------------------------------+---------------------------------------------------------------------+---------+---------+-----------+-----------+-----+-----+------------------------------------+
        |                                                                      |                                                                     |  Latency (cycles) |   Latency (absolute)  |  Interval |              Pipeline              |
        |                               Instance                               |                                Module                               |   min   |   max   |    min    |    max    | min | max |                Type                |
        +----------------------------------------------------------------------+---------------------------------------------------------------------+---------+---------+-----------+-----------+-----+-----+------------------------------------+
        |dense_resource_rf_leq_nin_ap_ufixed_ap_fixed_33_23_5_3_0_config64_U0  |dense_resource_rf_leq_nin_ap_ufixed_ap_fixed_33_23_5_3_0_config64_s  |       64|       65|   0.640 us|   0.650 us|   64|   64|  loop rewind stp (delay=0 cycle(s))|
        |normalize_ap_fixed_33_23_5_3_0_ap_fixed_54_30_5_3_0_config61_U0       |normalize_ap_fixed_33_23_5_3_0_ap_fixed_54_30_5_3_0_config61_s       |        0|        0|       0 ns|       0 ns|    1|    1|                                 yes|
        |relu_ap_fixed_54_30_5_3_0_ap_fixed_16_6_5_3_0_ReLU_config38_U0        |relu_ap_fixed_54_30_5_3_0_ap_fixed_16_6_5_3_0_ReLU_config38_s        |        0|        0|       0 ns|       0 ns|    1|    1|                                 yes|
        |normalize_ap_fixed_16_6_5_3_0_ap_ufixed_8_8_4_0_0_config52_U0         |normalize_ap_fixed_16_6_5_3_0_ap_ufixed_8_8_4_0_0_config52_s         |        1|        1|  10.000 ns|  10.000 ns|    1|    1|                                 yes|
        |dense_resource_rf_leq_nin_ap_ufixed_ap_fixed_32_22_5_3_0_config65_U0  |dense_resource_rf_leq_nin_ap_ufixed_ap_fixed_32_22_5_3_0_config65_s  |       32|       33|   0.320 us|   0.330 us|   32|   32|  loop rewind stp (delay=0 cycle(s))|
        |normalize_ap_fixed_32_22_5_3_0_ap_fixed_53_29_5_3_0_config62_U0       |normalize_ap_fixed_32_22_5_3_0_ap_fixed_53_29_5_3_0_config62_s       |        0|        0|       0 ns|       0 ns|    1|    1|                                 yes|
        +----------------------------------------------------------------------+---------------------------------------------------------------------+---------+---------+-----------+-----------+-----+-----+------------------------------------+

        * Loop: 
        N/A



================================================================
== Utilization Estimates
================================================================
* Summary: 
+-----------------+---------+-----+--------+-------+-----+
|       Name      | BRAM_18K| DSP |   FF   |  LUT  | URAM|
+-----------------+---------+-----+--------+-------+-----+
|DSP              |        -|    -|       -|      -|    -|
|Expression       |        -|    -|       0|     22|    -|
|FIFO             |        -|    -|   13662|   9246|    -|
|Instance         |       11|   32|    5937|  13729|    -|
|Memory           |        -|    -|       -|      -|    -|
|Multiplexer      |        -|    -|       0|     45|    -|
|Register         |        -|    -|       5|      -|    -|
+-----------------+---------+-----+--------+-------+-----+
|Total            |       11|   32|   19604|  23042|    0|
+-----------------+---------+-----+--------+-------+-----+
|Available        |      432|  360|  141120|  70560|    0|
+-----------------+---------+-----+--------+-------+-----+
|Utilization (%)  |        2|    8|      13|     32|    0|
+-----------------+---------+-----+--------+-------+-----+

+ Detail: 
    * Instance: 
    +----------------------------------------------------------------------+---------------------------------------------------------------------+---------+----+------+------+-----+
    |                               Instance                               |                                Module                               | BRAM_18K| DSP|  FF  |  LUT | URAM|
    +----------------------------------------------------------------------+---------------------------------------------------------------------+---------+----+------+------+-----+
    |dense_resource_rf_leq_nin_ap_ufixed_ap_fixed_32_22_5_3_0_config65_U0  |dense_resource_rf_leq_nin_ap_ufixed_ap_fixed_32_22_5_3_0_config65_s  |        3|   0|  1148|  1785|    0|
    |dense_resource_rf_leq_nin_ap_ufixed_ap_fixed_33_23_5_3_0_config64_U0  |dense_resource_rf_leq_nin_ap_ufixed_ap_fixed_33_23_5_3_0_config64_s  |        8|   0|  2074|  2474|    0|
    |normalize_ap_fixed_16_6_5_3_0_ap_ufixed_8_8_4_0_0_config52_U0         |normalize_ap_fixed_16_6_5_3_0_ap_ufixed_8_8_4_0_0_config52_s         |        0|  32|   579|  4111|    0|
    |normalize_ap_fixed_32_22_5_3_0_ap_fixed_53_29_5_3_0_config62_U0       |normalize_ap_fixed_32_22_5_3_0_ap_fixed_53_29_5_3_0_config62_s       |        0|   0|   532|   761|    0|
    |normalize_ap_fixed_33_23_5_3_0_ap_fixed_54_30_5_3_0_config61_U0       |normalize_ap_fixed_33_23_5_3_0_ap_fixed_54_30_5_3_0_config61_s       |        0|   0|  1090|  2475|    0|
    |relu_ap_fixed_54_30_5_3_0_ap_fixed_16_6_5_3_0_ReLU_config38_U0        |relu_ap_fixed_54_30_5_3_0_ap_fixed_16_6_5_3_0_ReLU_config38_s        |        0|   0|   514|  2123|    0|
    +----------------------------------------------------------------------+---------------------------------------------------------------------+---------+----+------+------+-----+
    |Total                                                                 |                                                                     |       11|  32|  5937| 13729|    0|
    +----------------------------------------------------------------------+---------------------------------------------------------------------+---------+----+------+------+-----+

    * DSP: 
    N/A

    * Memory: 
    N/A

    * FIFO: 
    +------------------+---------+-----+----+-----+------+-----+---------+
    |       Name       | BRAM_18K|  FF | LUT| URAM| Depth| Bits| Size:D*B|
    +------------------+---------+-----+----+-----+------+-----+---------+
    |layer38_out_10_U  |        0|   99|  67|    0|     2|   16|       32|
    |layer38_out_11_U  |        0|   99|  67|    0|     2|   16|       32|
    |layer38_out_12_U  |        0|   99|  67|    0|     2|   16|       32|
    |layer38_out_13_U  |        0|   99|  67|    0|     2|   16|       32|
    |layer38_out_14_U  |        0|   99|  67|    0|     2|   16|       32|
    |layer38_out_15_U  |        0|   99|  67|    0|     2|   16|       32|
    |layer38_out_16_U  |        0|   99|  67|    0|     2|   16|       32|
    |layer38_out_17_U  |        0|   99|  67|    0|     2|   16|       32|
    |layer38_out_18_U  |        0|   99|  67|    0|     2|   16|       32|
    |layer38_out_19_U  |        0|   99|  67|    0|     2|   16|       32|
    |layer38_out_1_U   |        0|   99|  67|    0|     2|   16|       32|
    |layer38_out_20_U  |        0|   99|  67|    0|     2|   16|       32|
    |layer38_out_21_U  |        0|   99|  67|    0|     2|   16|       32|
    |layer38_out_22_U  |        0|   99|  67|    0|     2|   16|       32|
    |layer38_out_23_U  |        0|   99|  67|    0|     2|   16|       32|
    |layer38_out_24_U  |        0|   99|  67|    0|     2|   16|       32|
    |layer38_out_25_U  |        0|   99|  67|    0|     2|   16|       32|
    |layer38_out_26_U  |        0|   99|  67|    0|     2|   16|       32|
    |layer38_out_27_U  |        0|   99|  67|    0|     2|   16|       32|
    |layer38_out_28_U  |        0|   99|  67|    0|     2|   16|       32|
    |layer38_out_29_U  |        0|   99|  67|    0|     2|   16|       32|
    |layer38_out_2_U   |        0|   99|  67|    0|     2|   16|       32|
    |layer38_out_30_U  |        0|   99|  67|    0|     2|   16|       32|
    |layer38_out_31_U  |        0|   99|  67|    0|     2|   16|       32|
    |layer38_out_3_U   |        0|   99|  67|    0|     2|   16|       32|
    |layer38_out_4_U   |        0|   99|  67|    0|     2|   16|       32|
    |layer38_out_5_U   |        0|   99|  67|    0|     2|   16|       32|
    |layer38_out_6_U   |        0|   99|  67|    0|     2|   16|       32|
    |layer38_out_7_U   |        0|   99|  67|    0|     2|   16|       32|
    |layer38_out_8_U   |        0|   99|  67|    0|     2|   16|       32|
    |layer38_out_9_U   |        0|   99|  67|    0|     2|   16|       32|
    |layer38_out_U     |        0|   99|  67|    0|     2|   16|       32|
    |layer52_out_10_U  |        0|   99|  67|    0|     2|    8|       16|
    |layer52_out_11_U  |        0|   99|  67|    0|     2|    8|       16|
    |layer52_out_12_U  |        0|   99|  67|    0|     2|    8|       16|
    |layer52_out_13_U  |        0|   99|  67|    0|     2|    8|       16|
    |layer52_out_14_U  |        0|   99|  67|    0|     2|    8|       16|
    |layer52_out_15_U  |        0|   99|  67|    0|     2|    8|       16|
    |layer52_out_16_U  |        0|   99|  67|    0|     2|    8|       16|
    |layer52_out_17_U  |        0|   99|  67|    0|     2|    8|       16|
    |layer52_out_18_U  |        0|   99|  67|    0|     2|    8|       16|
    |layer52_out_19_U  |        0|   99|  67|    0|     2|    8|       16|
    |layer52_out_1_U   |        0|   99|  67|    0|     2|    8|       16|
    |layer52_out_20_U  |        0|   99|  67|    0|     2|    8|       16|
    |layer52_out_21_U  |        0|   99|  67|    0|     2|    8|       16|
    |layer52_out_22_U  |        0|   99|  67|    0|     2|    8|       16|
    |layer52_out_23_U  |        0|   99|  67|    0|     2|    8|       16|
    |layer52_out_24_U  |        0|   99|  67|    0|     2|    8|       16|
    |layer52_out_25_U  |        0|   99|  67|    0|     2|    8|       16|
    |layer52_out_26_U  |        0|   99|  67|    0|     2|    8|       16|
    |layer52_out_27_U  |        0|   99|  67|    0|     2|    8|       16|
    |layer52_out_28_U  |        0|   99|  67|    0|     2|    8|       16|
    |layer52_out_29_U  |        0|   99|  67|    0|     2|    8|       16|
    |layer52_out_2_U   |        0|   99|  67|    0|     2|    8|       16|
    |layer52_out_30_U  |        0|   99|  67|    0|     2|    8|       16|
    |layer52_out_31_U  |        0|   99|  67|    0|     2|    8|       16|
    |layer52_out_3_U   |        0|   99|  67|    0|     2|    8|       16|
    |layer52_out_4_U   |        0|   99|  67|    0|     2|    8|       16|
    |layer52_out_5_U   |        0|   99|  67|    0|     2|    8|       16|
    |layer52_out_6_U   |        0|   99|  67|    0|     2|    8|       16|
    |layer52_out_7_U   |        0|   99|  67|    0|     2|    8|       16|
    |layer52_out_8_U   |        0|   99|  67|    0|     2|    8|       16|
    |layer52_out_9_U   |        0|   99|  67|    0|     2|    8|       16|
    |layer52_out_U     |        0|   99|  67|    0|     2|    8|       16|
    |layer61_out_10_U  |        0|   99|  67|    0|     2|   34|       68|
    |layer61_out_11_U  |        0|   99|  67|    0|     2|   34|       68|
    |layer61_out_12_U  |        0|   99|  67|    0|     2|   34|       68|
    |layer61_out_13_U  |        0|   99|  67|    0|     2|   34|       68|
    |layer61_out_14_U  |        0|   99|  67|    0|     2|   34|       68|
    |layer61_out_15_U  |        0|   99|  67|    0|     2|   34|       68|
    |layer61_out_16_U  |        0|   99|  67|    0|     2|   34|       68|
    |layer61_out_17_U  |        0|   99|  67|    0|     2|   34|       68|
    |layer61_out_18_U  |        0|   99|  67|    0|     2|   34|       68|
    |layer61_out_19_U  |        0|   99|  67|    0|     2|   34|       68|
    |layer61_out_1_U   |        0|   99|  67|    0|     2|   34|       68|
    |layer61_out_20_U  |        0|   99|  67|    0|     2|   34|       68|
    |layer61_out_21_U  |        0|   99|  67|    0|     2|   34|       68|
    |layer61_out_22_U  |        0|   99|  67|    0|     2|   34|       68|
    |layer61_out_23_U  |        0|   99|  67|    0|     2|   34|       68|
    |layer61_out_24_U  |        0|   99|  67|    0|     2|   34|       68|
    |layer61_out_25_U  |        0|   99|  67|    0|     2|   34|       68|
    |layer61_out_26_U  |        0|   99|  67|    0|     2|   34|       68|
    |layer61_out_27_U  |        0|   99|  67|    0|     2|   34|       68|
    |layer61_out_28_U  |        0|   99|  67|    0|     2|   34|       68|
    |layer61_out_29_U  |        0|   99|  67|    0|     2|   34|       68|
    |layer61_out_2_U   |        0|   99|  67|    0|     2|   34|       68|
    |layer61_out_30_U  |        0|   99|  67|    0|     2|   34|       68|
    |layer61_out_31_U  |        0|   99|  67|    0|     2|   34|       68|
    |layer61_out_3_U   |        0|   99|  67|    0|     2|   34|       68|
    |layer61_out_4_U   |        0|   99|  67|    0|     2|   34|       68|
    |layer61_out_5_U   |        0|   99|  67|    0|     2|   34|       68|
    |layer61_out_6_U   |        0|   99|  67|    0|     2|   34|       68|
    |layer61_out_7_U   |        0|   99|  67|    0|     2|   34|       68|
    |layer61_out_8_U   |        0|   99|  67|    0|     2|   34|       68|
    |layer61_out_9_U   |        0|   99|  67|    0|     2|   34|       68|
    |layer61_out_U     |        0|   99|  67|    0|     2|   34|       68|
    |layer64_out_10_U  |        0|   99|  67|    0|     2|   32|       64|
    |layer64_out_11_U  |        0|   99|  67|    0|     2|   32|       64|
    |layer64_out_12_U  |        0|   99|  67|    0|     2|   32|       64|
    |layer64_out_13_U  |        0|   99|  67|    0|     2|   32|       64|
    |layer64_out_14_U  |        0|   99|  67|    0|     2|   32|       64|
    |layer64_out_15_U  |        0|   99|  67|    0|     2|   32|       64|
    |layer64_out_16_U  |        0|   99|  67|    0|     2|   32|       64|
    |layer64_out_17_U  |        0|   99|  67|    0|     2|   32|       64|
    |layer64_out_18_U  |        0|   99|  67|    0|     2|   32|       64|
    |layer64_out_19_U  |        0|   99|  67|    0|     2|   32|       64|
    |layer64_out_1_U   |        0|   99|  67|    0|     2|   32|       64|
    |layer64_out_20_U  |        0|   99|  67|    0|     2|   32|       64|
    |layer64_out_21_U  |        0|   99|  67|    0|     2|   32|       64|
    |layer64_out_22_U  |        0|   99|  67|    0|     2|   32|       64|
    |layer64_out_23_U  |        0|   99|  67|    0|     2|   32|       64|
    |layer64_out_24_U  |        0|   99|  67|    0|     2|   32|       64|
    |layer64_out_25_U  |        0|   99|  67|    0|     2|   32|       64|
    |layer64_out_26_U  |        0|   99|  67|    0|     2|   32|       64|
    |layer64_out_27_U  |        0|   99|  67|    0|     2|   32|       64|
    |layer64_out_28_U  |        0|   99|  67|    0|     2|   32|       64|
    |layer64_out_29_U  |        0|   99|  67|    0|     2|   32|       64|
    |layer64_out_2_U   |        0|   99|  67|    0|     2|   32|       64|
    |layer64_out_30_U  |        0|   99|  67|    0|     2|   32|       64|
    |layer64_out_31_U  |        0|   99|  67|    0|     2|   32|       64|
    |layer64_out_3_U   |        0|   99|  67|    0|     2|   32|       64|
    |layer64_out_4_U   |        0|   99|  67|    0|     2|   32|       64|
    |layer64_out_5_U   |        0|   99|  67|    0|     2|   32|       64|
    |layer64_out_6_U   |        0|   99|  67|    0|     2|   32|       64|
    |layer64_out_7_U   |        0|   99|  67|    0|     2|   32|       64|
    |layer64_out_8_U   |        0|   99|  67|    0|     2|   32|       64|
    |layer64_out_9_U   |        0|   99|  67|    0|     2|   32|       64|
    |layer64_out_U     |        0|   99|  67|    0|     2|   32|       64|
    |layer65_out_1_U   |        0|   99|  67|    0|     2|   31|       62|
    |layer65_out_2_U   |        0|   99|  67|    0|     2|   31|       62|
    |layer65_out_3_U   |        0|   99|  67|    0|     2|   31|       62|
    |layer65_out_4_U   |        0|   99|  67|    0|     2|   31|       62|
    |layer65_out_5_U   |        0|   99|  67|    0|     2|   31|       62|
    |layer65_out_6_U   |        0|   99|  67|    0|     2|   31|       62|
    |layer65_out_7_U   |        0|   99|  67|    0|     2|   31|       62|
    |layer65_out_8_U   |        0|   99|  67|    0|     2|   31|       62|
    |layer65_out_9_U   |        0|   99|  67|    0|     2|   31|       62|
    |layer65_out_U     |        0|   99|  67|    0|     2|   31|       62|
    +------------------+---------+-----+----+-----+------+-----+---------+
    |Total             |        0|13662|9246|    0|   276| 3190|     6380|
    +------------------+---------+-----+----+-----+------+-----+---------+

    * Expression: 
    +--------------------------------------+----------+----+---+----+------------+------------+
    |             Variable Name            | Operation| DSP| FF| LUT| Bitwidth P0| Bitwidth P1|
    +--------------------------------------+----------+----+---+----+------------+------------+
    |ap_channel_done_layer38_out_31        |       and|   0|  0|   2|           1|           1|
    |ap_channel_done_layer52_out_31        |       and|   0|  0|   2|           1|           1|
    |ap_channel_done_layer61_out_31        |       and|   0|  0|   2|           1|           1|
    |ap_channel_done_layer64_out_31        |       and|   0|  0|   2|           1|           1|
    |ap_channel_done_layer65_out_9         |       and|   0|  0|   2|           1|           1|
    |ap_idle                               |       and|   0|  0|   2|           1|           1|
    |ap_sync_channel_write_layer38_out_31  |        or|   0|  0|   2|           1|           1|
    |ap_sync_channel_write_layer52_out_31  |        or|   0|  0|   2|           1|           1|
    |ap_sync_channel_write_layer61_out_31  |        or|   0|  0|   2|           1|           1|
    |ap_sync_channel_write_layer64_out_31  |        or|   0|  0|   2|           1|           1|
    |ap_sync_channel_write_layer65_out_9   |        or|   0|  0|   2|           1|           1|
    +--------------------------------------+----------+----+---+----+------------+------------+
    |Total                                 |          |   0|  0|  22|          11|          11|
    +--------------------------------------+----------+----+---+----+------------+------------+

    * Multiplexer: 
    +------------------------------------------+----+-----------+-----+-----------+
    |                   Name                   | LUT| Input Size| Bits| Total Bits|
    +------------------------------------------+----+-----------+-----+-----------+
    |ap_sync_reg_channel_write_layer38_out_31  |   9|          2|    1|          2|
    |ap_sync_reg_channel_write_layer52_out_31  |   9|          2|    1|          2|
    |ap_sync_reg_channel_write_layer61_out_31  |   9|          2|    1|          2|
    |ap_sync_reg_channel_write_layer64_out_31  |   9|          2|    1|          2|
    |ap_sync_reg_channel_write_layer65_out_9   |   9|          2|    1|          2|
    +------------------------------------------+----+-----------+-----+-----------+
    |Total                                     |  45|         10|    5|         10|
    +------------------------------------------+----+-----------+-----+-----------+

    * Register: 
    +------------------------------------------+---+----+-----+-----------+
    |                   Name                   | FF| LUT| Bits| Const Bits|
    +------------------------------------------+---+----+-----+-----------+
    |ap_sync_reg_channel_write_layer38_out_31  |  1|   0|    1|          0|
    |ap_sync_reg_channel_write_layer52_out_31  |  1|   0|    1|          0|
    |ap_sync_reg_channel_write_layer61_out_31  |  1|   0|    1|          0|
    |ap_sync_reg_channel_write_layer64_out_31  |  1|   0|    1|          0|
    |ap_sync_reg_channel_write_layer65_out_9   |  1|   0|    1|          0|
    +------------------------------------------+---+----+-----+-----------+
    |Total                                     |  5|   0|    5|          0|
    +------------------------------------------+---+----+-----+-----------+



================================================================
== Interface
================================================================
* Summary: 
+----------------------+-----+-------+------------+---------------+--------------+
|       RTL Ports      | Dir |  Bits |  Protocol  | Source Object |    C Type    |
+----------------------+-----+-------+------------+---------------+--------------+
|global_in             |   in|  12544|      ap_vld|      global_in|       pointer|
|layer62_out_0         |  out|     53|      ap_vld|  layer62_out_0|       pointer|
|layer62_out_0_ap_vld  |  out|      1|      ap_vld|  layer62_out_0|       pointer|
|layer62_out_1         |  out|     53|      ap_vld|  layer62_out_1|       pointer|
|layer62_out_1_ap_vld  |  out|      1|      ap_vld|  layer62_out_1|       pointer|
|layer62_out_2         |  out|     53|      ap_vld|  layer62_out_2|       pointer|
|layer62_out_2_ap_vld  |  out|      1|      ap_vld|  layer62_out_2|       pointer|
|layer62_out_3         |  out|     53|      ap_vld|  layer62_out_3|       pointer|
|layer62_out_3_ap_vld  |  out|      1|      ap_vld|  layer62_out_3|       pointer|
|layer62_out_4         |  out|     53|      ap_vld|  layer62_out_4|       pointer|
|layer62_out_4_ap_vld  |  out|      1|      ap_vld|  layer62_out_4|       pointer|
|layer62_out_5         |  out|     53|      ap_vld|  layer62_out_5|       pointer|
|layer62_out_5_ap_vld  |  out|      1|      ap_vld|  layer62_out_5|       pointer|
|layer62_out_6         |  out|     53|      ap_vld|  layer62_out_6|       pointer|
|layer62_out_6_ap_vld  |  out|      1|      ap_vld|  layer62_out_6|       pointer|
|layer62_out_7         |  out|     53|      ap_vld|  layer62_out_7|       pointer|
|layer62_out_7_ap_vld  |  out|      1|      ap_vld|  layer62_out_7|       pointer|
|layer62_out_8         |  out|     53|      ap_vld|  layer62_out_8|       pointer|
|layer62_out_8_ap_vld  |  out|      1|      ap_vld|  layer62_out_8|       pointer|
|layer62_out_9         |  out|     53|      ap_vld|  layer62_out_9|       pointer|
|layer62_out_9_ap_vld  |  out|      1|      ap_vld|  layer62_out_9|       pointer|
|ap_clk                |   in|      1|  ap_ctrl_hs|      myproject|  return value|
|ap_rst                |   in|      1|  ap_ctrl_hs|      myproject|  return value|
|ap_start              |   in|      1|  ap_ctrl_hs|      myproject|  return value|
|ap_done               |  out|      1|  ap_ctrl_hs|      myproject|  return value|
|ap_ready              |  out|      1|  ap_ctrl_hs|      myproject|  return value|
|ap_idle               |  out|      1|  ap_ctrl_hs|      myproject|  return value|
+----------------------+-----+-------+------------+---------------+--------------+

